<case xmlns="http://midpoint.evolveum.com/xml/ns/public/common/common-3"
        oid="10a2c2b4-4d02-4f52-a4ac-092d8e321006">

    <name>case</name>

    <modelContext>
        <state>execution</state>
        <projectionContext id="1"/>
        <projectionContext id="2"/>
    </modelContext>
</case>
