<resource xmlns="http://midpoint.evolveum.com/xml/ns/public/common/common-3"
        xmlns:cap="http://midpoint.evolveum.com/xml/ns/public/resource/capabilities-3"
        oid="5b55729f-8866-442a-b39d-c5a9def5b345">

    <name>Invalid resource</name>

    <capabilities>
        <native/>
        <configured>
            <cap:update>
                <cap:addRemoveAttributeValues>false</cap:addRemoveAttributeValues>
            </cap:update>
        </configured>
    </capabilities>

    <schemaHandling>
        <objectType id="1">
            <correlation>
                <correlators>
                    <idMatch id="5">
                        <name>asdf</name>
                    </idMatch>
                    <idMatch id="6">
                        <name>jklo</name>
                    </idMatch>
                </correlators>
            </correlation>
            <synchronization>
                <defaultSettings>
                </defaultSettings>
            </synchronization>
        </objectType>
    </schemaHandling>
</resource>
