<!--
  ~ Copyright (C) 2010-2023 Evolveum and contributors
  ~
  ~ This work is dual-licensed under the Apache License 2.0
  ~ and European Union Public License. See LICENSE file for details.
  -->

<role xmlns="http://midpoint.evolveum.com/xml/ns/public/common/common-3"
        oid="f4244705-69a7-4602-95ad-6a4ad7beddb7">

    <name>role</name>

    <subtype>some deprecated type</subtype>

    <assignment id="1">
        <personaConstruction>
            <targetType>some-type</targetType>
            <targetSubtype>some-subtype</targetSubtype>
        </personaConstruction>
    </assignment>

    <assignment id="2">
        <limitOtherPrivileges>
            <approvalWorkItems>
                <all>true</all>
            </approvalWorkItems>
        </limitOtherPrivileges>
    </assignment>

    <inducement id="3">
        <limitOtherPrivileges>
            <approvalWorkItems>
                <all>true</all>
            </approvalWorkItems>
        </limitOtherPrivileges>
    </inducement>

    <inducement id="4">
        <limitOtherPrivileges>
            <approvalWorkItems>
                <all>true</all>
            </approvalWorkItems>
            <caseManagementWorkItems>
                <all>false</all>
            </caseManagementWorkItems>
        </limitOtherPrivileges>
    </inducement>
</role>
