<!--
  ~ Copyright (C) 2010-2023 Evolveum and contributors
  ~
  ~ Licensed under the EUPL-1.2 or later.
  -->

<task xmlns="http://midpoint.evolveum.com/xml/ns/public/common/common-3"
        xmlns:mext="http://midpoint.evolveum.com/xml/ns/public/model/extension-3"
        xmlns:rext="http://midpoint.evolveum.com/xml/ns/public/report/extension-3"
        oid="a5a5966e-cca5-4ce5-8353-7c41dff16dff">

    <name>non-iterative</name>

    <activity>
        <work>
            <explicitChangeExecution>
                <delta>
                    <changeType>add</changeType>
                    <objectType>UserType</objectType>
                </delta>
            </explicitChangeExecution>
        </work>
    </activity>
</task>
