<!--
  ~ Copyright (C) 2010-2023 Evolveum and contributors
  ~
  ~ This work is dual-licensed under the Apache License 2.0
  ~ and European Union Public License. See LICENSE file for details.
  -->

<task xmlns="http://midpoint.evolveum.com/xml/ns/public/common/common-3"
        xmlns:mext="http://midpoint.evolveum.com/xml/ns/public/model/extension-3"
        xmlns:rext="http://midpoint.evolveum.com/xml/ns/public/report/extension-3"
        oid="979ec101-d36c-49ea-a6c1-5d0c087d9689">

    <name>livesync</name>
    <extension>
        <rext:reportDataParam oid="e7df0b0e-48f7-4c32-a4a5-c444a48d08f0"/>
    </extension>
    <expectedTotal>123</expectedTotal>
    <activity>
        <work>
            <cleanup>
                <policies>
                    <simpleOperationExecutions>
                        <maxAge>P1D</maxAge>
                        <maxRecords>10</maxRecords>
                    </simpleOperationExecutions>
                    <complexOperationExecutions>
                        <maxAge>P1D</maxAge>
                        <maxRecords>10</maxRecords>
                    </complexOperationExecutions>
                </policies>
            </cleanup>
        </work>
        <controlFlow>
            <errorHandling>
                <entry id="1">
                    <order>1</order>
                    <situation>
                        <status>fatal_error</status>
                    </situation>
                </entry>
            </errorHandling>
        </controlFlow>
    </activity>
</task>
